17758399 18393773
15318882 34663865
10067152 17758399
17758399 69393657
18393773 29477388
17104585 18393773
17758399 28706024
25521487 34663865
10067152 15318882
15318882 93733494
14911702 29477388
38232487 69193714
28706024 30799813
4519121 19299909
4519121 69193714
17758399 34665247
18393773 19299909
18393773 69193714
26109801 40081665
34665247 66833459
40081665 44779307
17758399 34663865
34663865 34665247
34663865 66833459
10067152 69393657
14911702 29459405
17104585 29477388
25521487 30799813
25521487 42080740
30799813 42080740
93733494 456846767
17856149 18906335 20904318 28031327 28566267 34050356 26109801-40081665-44779307 10067152-15318882-69393657-93733494-456846767 17758399-25521487-28706024-30799813-34663865-34665247-42080740-66833459 4519121-14911702-17104585-18393773-19299909-29459405-29477388-38232487-69193714
